🧪 Тестирование 81 пород...

[1/81] Проверяю: Турецкая ангора...[2/81] Проверяю: Мейн-кун...[3/81] Проверяю: Британская короткошёрстная...[4/81] Проверяю: Сиамская...[5/81] Проверяю: Бенгальская...[6/81] Проверяю: Персидская...[7/81] Проверяю: Сфинкс...[8/81] Проверяю: Норвежская лесная...[9/81] Проверяю: Русская голубая...[10/81] Проверяю: Абиссинская...[11/81] Проверяю: Шотландская вислоухая...[12/81] Проверяю: Шотландская прямоухая...[13/81] Проверяю: Ориентальная...[14/81] Проверяю: Рэгдолл...[15/81] Проверяю: Саванна...[16/81] Проверяю: Корниш-рекс...[17/81] Проверяю: Девон-рекс...[18/81] Проверяю: Манкс...[19/81] Проверяю: Курильский бобтейл...[20/81] Проверяю: Экзотическая короткошёрстная...[21/81] Проверяю: Американская короткошёрстная...[22/81] Проверяю: Сибирская...[23/81] Проверяю: Нибелунг...[24/81] Проверяю: Тойгер...[25/81] Проверяю: Ориентальная длинношёрстная...[26/81] Проверяю: Египетская мау...[27/81] Проверяю: Бирманская...[28/81] Проверяю: Бурманская...[29/81] Проверяю: Бомбейская...[30/81] Проверяю: Манчкин...[31/81] Проверяю: Лаперм...[32/81] Проверяю: Пикси-боб...[33/81] Проверяю: Регдолл...[34/81] Проверяю: Тонкинская...[35/81] Проверяю: Сингапурская...[36/81] Проверяю: Хайленд-фолд...[37/81] Проверяю: Хайленд-страйт...[38/81] Проверяю: Японский бобтейл...[39/81] Проверяю: Цейлонская...[40/81] Проверяю: Сноу-шу...[41/81] Проверяю: Селкирк-рекс...[42/81] Проверяю: Американский кёрл...[43/81] Проверяю: Бристольская...[44/81] Проверяю: Оцикет...[45/81] Проверяю: Серенгети...[46/81] Проверяю: Калифорнийская сияющая...[47/81] Проверяю: Минскин...[48/81] Проверяю: Наполеон...[49/81] Проверяю: Корат...[50/81] Проверяю: Ликой...[51/81] Проверяю: Петерболд...[52/81] Проверяю: Донской сфинкс...[53/81] Проверяю: Украинский левкой...[54/81] Проверяю: Меконгский бобтейл...[55/81] Проверяю: Кимрик...[56/81] Проверяю: Гавана...[57/81] Проверяю: Шантильи-тиффани...[58/81] Проверяю: Балинезийская...[59/81] Проверяю: Яванезийская...[60/81] Проверяю: Тойбоб...[61/81] Проверяю: Тонкинская...[62/81] Проверяю: Колор-пойнт короткошерстный...[63/81] Проверяю: Американская жесткошерстная...[64/81] Проверяю: Азиатская табби...[65/81] Проверяю: Азиатская дымчатая...[66/81] Проверяю: Кашмирская...[67/81] Проверяю: Рагамаффин...[68/81] Проверяю: Сококе...[69/81] Проверяю: Самфур...[70/81] Проверяю: Чаузи...[71/81] Проверяю: Бразильская короткошерстная...[72/81] Проверяю: Мандалай...[73/81] Проверяю: Серая дымчатая...[74/81] Проверяю: Тиффани...[75/81] Проверяю: Австралийский мист...[76/81] Проверяю: Квинслендская...[77/81] Проверяю: Тайская...[78/81] Проверяю: Американская лирандская...[79/81] Проверяю: Кохона...[80/81] Проверяю: Ликкой...[81/81] Проверяю: Селкирк-рекс длинношерстный...

============================================================
📊 РЕЗУЛЬТАТЫ:
============================================================
✅ Найдено на сайте: 33/81
❌ Не найдено: 48/81

📋 Детали:
   - С разделом "Уход": 31
   - С разделом "Питание": 31
   - С обоими разделами: 30

❌ НЕ НАЙДЕНЫ (48):
   - Турецкая ангора (нормализовано: turetskayaangora)
   - Британская короткошёрстная (нормализовано: britanskayaya)
   - Норвежская лесная (нормализовано: norvezhskayalesnaya)
   - Русская голубая (нормализовано: russkayagolubaya)
   - Шотландская вислоухая (нормализовано: shotlandskayavislouhaya)
   - Шотландская прямоухая (нормализовано: shotlandskayapryamouhaya)
   - Манкс (нормализовано: manks)
   - Курильский бобтейл (нормализовано: kurilskiybobteyl)
   - Экзотическая короткошёрстная (нормализовано: ekzoticheskayaya)
   - Американская короткошёрстная (нормализовано: amerikanskayaya)
   - Тойгер (нормализовано: toyger)
   - Ориентальная длинношёрстная (нормализовано: orientalnayaya)
   - Египетская мау (нормализовано: egipetskayamau)
   - Бирманская (нормализовано: birmanskaya)
   - Бомбейская (нормализовано: bombeyskaya)
   - Пикси-боб (нормализовано: piksi-bob)
   - Хайленд-фолд (нормализовано: haylend-fold)
   - Хайленд-страйт (нормализовано: haylend-strayt)
   - Японский бобтейл (нормализовано: yaponskiybobteyl)
   - Цейлонская (нормализовано: tseylonskaya)
   ... и еще 28 пород

✅ НАЙДЕНЫ (первые 10):
   ✅✅ Мейн-кун -> mejn-kun
   ✅✅ Сиамская -> siamskaya
   ✅❌ Бенгальская -> bengalskaya
   ✅✅ Персидская -> persidskaya
   ❌❌ Сфинкс -> sfinks
   ✅✅ Абиссинская -> abissinskaya
   ✅✅ Ориентальная -> orientalnaya
   ✅✅ Рэгдолл -> regdoll
   ✅✅ Саванна -> savanna
   ✅✅ Корниш-рекс -> kornish-reks
